Archive member included because of file (symbol)

c:/program files (x86)/atmel/atmel toolchain/avr8 gcc/native/3.4.2.1002/avr8-gnu-toolchain/bin/../lib/gcc/avr/4.7.2/../../../../avr/lib/avr6\libm.a(cmpsf2.o)
                              FreeRTOS2560.o (__lesf2)
c:/program files (x86)/atmel/atmel toolchain/avr8 gcc/native/3.4.2.1002/avr8-gnu-toolchain/bin/../lib/gcc/avr/4.7.2/../../../../avr/lib/avr6\libm.a(divsf3.o)
                              microsmooth.o (__divsf3)
c:/program files (x86)/atmel/atmel toolchain/avr8 gcc/native/3.4.2.1002/avr8-gnu-toolchain/bin/../lib/gcc/avr/4.7.2/../../../../avr/lib/avr6\libm.a(divsf3x.o)
                              c:/program files (x86)/atmel/atmel toolchain/avr8 gcc/native/3.4.2.1002/avr8-gnu-toolchain/bin/../lib/gcc/avr/4.7.2/../../../../avr/lib/avr6\libm.a(divsf3.o) (__divsf3x)
c:/program files (x86)/atmel/atmel toolchain/avr8 gcc/native/3.4.2.1002/avr8-gnu-toolchain/bin/../lib/gcc/avr/4.7.2/../../../../avr/lib/avr6\libm.a(floatsisf.o)
                              microsmooth.o (__floatunsisf)
c:/program files (x86)/atmel/atmel toolchain/avr8 gcc/native/3.4.2.1002/avr8-gnu-toolchain/bin/../lib/gcc/avr/4.7.2/../../../../avr/lib/avr6\libm.a(fp_cmp.o)
                              c:/program files (x86)/atmel/atmel toolchain/avr8 gcc/native/3.4.2.1002/avr8-gnu-toolchain/bin/../lib/gcc/avr/4.7.2/../../../../avr/lib/avr6\libm.a(cmpsf2.o) (__fp_cmp)
c:/program files (x86)/atmel/atmel toolchain/avr8 gcc/native/3.4.2.1002/avr8-gnu-toolchain/bin/../lib/gcc/avr/4.7.2/../../../../avr/lib/avr6\libm.a(fp_inf.o)
                              c:/program files (x86)/atmel/atmel toolchain/avr8 gcc/native/3.4.2.1002/avr8-gnu-toolchain/bin/../lib/gcc/avr/4.7.2/../../../../avr/lib/avr6\libm.a(divsf3x.o) (__fp_inf)
c:/program files (x86)/atmel/atmel toolchain/avr8 gcc/native/3.4.2.1002/avr8-gnu-toolchain/bin/../lib/gcc/avr/4.7.2/../../../../avr/lib/avr6\libm.a(fp_nan.o)
                              c:/program files (x86)/atmel/atmel toolchain/avr8 gcc/native/3.4.2.1002/avr8-gnu-toolchain/bin/../lib/gcc/avr/4.7.2/../../../../avr/lib/avr6\libm.a(divsf3x.o) (__fp_nan)
c:/program files (x86)/atmel/atmel toolchain/avr8 gcc/native/3.4.2.1002/avr8-gnu-toolchain/bin/../lib/gcc/avr/4.7.2/../../../../avr/lib/avr6\libm.a(fp_pscA.o)
                              c:/program files (x86)/atmel/atmel toolchain/avr8 gcc/native/3.4.2.1002/avr8-gnu-toolchain/bin/../lib/gcc/avr/4.7.2/../../../../avr/lib/avr6\libm.a(divsf3x.o) (__fp_pscA)
c:/program files (x86)/atmel/atmel toolchain/avr8 gcc/native/3.4.2.1002/avr8-gnu-toolchain/bin/../lib/gcc/avr/4.7.2/../../../../avr/lib/avr6\libm.a(fp_pscB.o)
                              c:/program files (x86)/atmel/atmel toolchain/avr8 gcc/native/3.4.2.1002/avr8-gnu-toolchain/bin/../lib/gcc/avr/4.7.2/../../../../avr/lib/avr6\libm.a(divsf3x.o) (__fp_pscB)
c:/program files (x86)/atmel/atmel toolchain/avr8 gcc/native/3.4.2.1002/avr8-gnu-toolchain/bin/../lib/gcc/avr/4.7.2/../../../../avr/lib/avr6\libm.a(fp_round.o)
                              c:/program files (x86)/atmel/atmel toolchain/avr8 gcc/native/3.4.2.1002/avr8-gnu-toolchain/bin/../lib/gcc/avr/4.7.2/../../../../avr/lib/avr6\libm.a(divsf3.o) (__fp_round)
c:/program files (x86)/atmel/atmel toolchain/avr8 gcc/native/3.4.2.1002/avr8-gnu-toolchain/bin/../lib/gcc/avr/4.7.2/../../../../avr/lib/avr6\libm.a(fp_split3.o)
                              c:/program files (x86)/atmel/atmel toolchain/avr8 gcc/native/3.4.2.1002/avr8-gnu-toolchain/bin/../lib/gcc/avr/4.7.2/../../../../avr/lib/avr6\libm.a(divsf3x.o) (__fp_split3)
c:/program files (x86)/atmel/atmel toolchain/avr8 gcc/native/3.4.2.1002/avr8-gnu-toolchain/bin/../lib/gcc/avr/4.7.2/../../../../avr/lib/avr6\libm.a(fp_zero.o)
                              c:/program files (x86)/atmel/atmel toolchain/avr8 gcc/native/3.4.2.1002/avr8-gnu-toolchain/bin/../lib/gcc/avr/4.7.2/../../../../avr/lib/avr6\libm.a(divsf3x.o) (__fp_szero)
c:/program files (x86)/atmel/atmel toolchain/avr8 gcc/native/3.4.2.1002/avr8-gnu-toolchain/bin/../lib/gcc/avr/4.7.2/../../../../avr/lib/avr6\libm.a(gesf2.o)
                              FreeRTOS2560.o (__gtsf2)
c:/program files (x86)/atmel/atmel toolchain/avr8 gcc/native/3.4.2.1002/avr8-gnu-toolchain/bin/../lib/gcc/avr/4.7.2/../../../../avr/lib/avr6\libm.a(mulsf3.o)
                              Ultrasonic.o (__mulsf3)
c:/program files (x86)/atmel/atmel toolchain/avr8 gcc/native/3.4.2.1002/avr8-gnu-toolchain/bin/../lib/gcc/avr/4.7.2/../../../../avr/lib/avr6\libm.a(mulsf3x.o)
                              c:/program files (x86)/atmel/atmel toolchain/avr8 gcc/native/3.4.2.1002/avr8-gnu-toolchain/bin/../lib/gcc/avr/4.7.2/../../../../avr/lib/avr6\libm.a(mulsf3.o) (__mulsf3x)
../../../arduinolib/arduinolib/Debug\libarduinolib.a(HardwareSerial.o)
                              FreeRTOS2560.o (_ZN14HardwareSerial9availableEv)
../../../arduinolib/arduinolib/Debug\libarduinolib.a(new.o)
                              microsmooth.o (__cxa_guard_acquire)
[...]
Memory Configuration

Name             Origin             Length             Attributes
text             0x00000000         0x00100000         xr
data             0x00800200         0x0000fe00         rw !x
eeprom           0x00810000         0x00010000         rw !x
fuse             0x00820000         0x00000400         rw !x
lock             0x00830000         0x00000400         rw !x
signature        0x00840000         0x00000400         rw !x
user_signatures  0x00850000         0x00000400         rw !x
*default*        0x00000000         0xffffffff

Linker script and memory map

Address of section .data set to 0x800200
LOAD c:/program files (x86)/atmel/atmel toolchain/avr8 gcc/native/3.4.2.1002/avr8-gnu-toolchain/bin/../lib/gcc/avr/4.7.2/../../../../avr/lib/avr6/crtm2560.o
LOAD delay.o
LOAD FreeRTOS2560.o
LOAD heap_1.o
LOAD list.o
LOAD microsmooth.o
LOAD port.o
LOAD que.o
LOAD queue.o
LOAD Servo.o
LOAD tasks.o
LOAD Ultrasonic.o
LOAD XBee.o
START GROUP
LOAD c:/program files (x86)/atmel/atmel toolchain/avr8 gcc/native/3.4.2.1002/avr8-gnu-toolchain/bin/../lib/gcc/avr/4.7.2/../../../../avr/lib/avr6\libm.a
LOAD ../../../arduinolib/arduinolib/Debug\libarduinolib.a
END GROUP
LOAD c:/program files (x86)/atmel/atmel toolchain/avr8 gcc/native/3.4.2.1002/avr8-gnu-toolchain/bin/../lib/gcc/avr/4.7.2/avr6\libgcc.a
LOAD c:/program files (x86)/atmel/atmel toolchain/avr8 gcc/native/3.4.2.1002/avr8-gnu-toolchain/bin/../lib/gcc/avr/4.7.2/../../../../avr/lib/avr6\libm.a
LOAD c:/program files (x86)/atmel/atmel toolchain/avr8 gcc/native/3.4.2.1002/avr8-gnu-toolchain/bin/../lib/gcc/avr/4.7.2/avr6\libgcc.a
LOAD c:/program files (x86)/atmel/atmel toolchain/avr8 gcc/native/3.4.2.1002/avr8-gnu-toolchain/bin/../lib/gcc/avr/4.7.2/../../../../avr/lib/avr6\libc.a
LOAD c:/program files (x86)/atmel/atmel toolchain/avr8 gcc/native/3.4.2.1002/avr8-gnu-toolchain/bin/../lib/gcc/avr/4.7.2/avr6\libgcc.a

.hash
 *(.hash)

.dynsym
 *(.dynsym)

.dynstr
 *(.dynstr)

.gnu.version
 *(.gnu.version)

.gnu.version_d
 *(.gnu.version_d)

.gnu.version_r
 *(.gnu.version_r)

.rel.init
 *(.rel.init)

.rela.init
 *(.rela.init)

.rel.text
 *(.rel.text)
 *(.rel.text.*)
 *(.rel.gnu.linkonce.t*)

.rela.text
 *(.rela.text)
 *(.rela.text.*)
 *(.rela.gnu.linkonce.t*)

.rel.fini
 *(.rel.fini)

.rela.fini
 *(.rela.fini)

.rel.rodata
 *(.rel.rodata)
 *(.rel.rodata.*)
 *(.rel.gnu.linkonce.r*)

.rela.rodata
 *(.rela.rodata)
 *(.rela.rodata.*)
 *(.rela.gnu.linkonce.r*)

.rel.data
 *(.rel.data)
 *(.rel.data.*)
 *(.rel.gnu.linkonce.d*)

.rela.data
 *(.rela.data)
 *(.rela.data.*)
 *(.rela.gnu.linkonce.d*)

.rel.ctors
 *(.rel.ctors)

.rela.ctors
 *(.rela.ctors)

.rel.dtors
 *(.rel.dtors)

.rela.dtors
 *(.rela.dtors)

.rel.got
 *(.rel.got)

.rela.got
 *(.rela.got)

.rel.bss
 *(.rel.bss)

.rela.bss
 *(.rela.bss)

.rel.plt
 *(.rel.plt)

.rela.plt
 *(.rela.plt)

.text           0x00000000     0x3602
 *(.vectors)
 .vectors       0x00000000       0xe4 c:/program files (x86)/atmel/atmel toolchain/avr8 gcc/native/3.4.2.1002/avr8-gnu-toolchain/bin/../lib/gcc/avr/4.7.2/../../../../avr/lib/avr6/crtm2560.o
                0x00000000                __vector_default
                0x00000000                __vectors
 *(.vectors)
 *(.progmem.gcc*)
 *(.progmem*)
 .progmem.data.digital_pin_to_timer_PGM
                0x000000e4       0x46 ../../../arduinolib/arduinolib/Debug\libarduinolib.a(wiring_digital.o)
                0x000000e4                digital_pin_to_timer_PGM
 .progmem.data.digital_pin_to_bit_mask_PGM
                0x0000012a       0x46 ../../../arduinolib/arduinolib/Debug\libarduinolib.a(wiring_digital.o)
                0x0000012a                digital_pin_to_bit_mask_PGM
 .progmem.data.digital_pin_to_port_PGM
                0x00000170       0x46 ../../../arduinolib/arduinolib/Debug\libarduinolib.a(wiring_digital.o)
                0x00000170                digital_pin_to_port_PGM
 .progmem.data.port_to_input_PGM
                0x000001b6       0x1a ../../../arduinolib/arduinolib/Debug\libarduinolib.a(wiring_digital.o)
                0x000001b6                port_to_input_PGM
 .progmem.data.port_to_output_PGM
                0x000001d0       0x1a ../../../arduinolib/arduinolib/Debug\libarduinolib.a(wiring_digital.o)
                0x000001d0                port_to_output_PGM
 .progmem.data.port_to_mode_PGM
                0x000001ea       0x1a ../../../arduinolib/arduinolib/Debug\libarduinolib.a(wiring_digital.o)
                0x000001ea                port_to_mode_PGM
                0x00000204                . = ALIGN (0x2)
                0x00000204                __trampolines_start = .
 *(.trampolines)
 .trampolines   0x00000204        0x0 linker stubs
 *(.trampolines*)
                0x00000204                __trampolines_end = .
 *(.jumptables)
 *(.jumptables*)
 *(.lowtext)
 *(.lowtext*)
                0x00000204                __ctors_start = .
 *(.ctors)
 .ctors         0x00000204        0x2 FreeRTOS2560.o
 .ctors         0x00000206        0x2 ../../../arduinolib/arduinolib/Debug\libarduinolib.a(HardwareSerial.o)
                0x00000208                __ctors_end = .
                0x00000208                __dtors_start = .
 *(.dtors)
 .dtors         0x00000208        0x2 FreeRTOS2560.o
                0x0000020a                __dtors_end = .
 SORT(*)(.ctors)
 SORT(*)(.dtors)
 *(.init0)
 .init0         0x0000020a        0x0 c:/program files (x86)/atmel/atmel toolchain/avr8 gcc/native/3.4.2.1002/avr8-gnu-toolchain/bin/../lib/gcc/avr/4.7.2/../../../../avr/lib/avr6/crtm2560.o
                0x0000020a                __init
 *(.init0)
 *(.init1)
 *(.init1)
 *(.init2)
 .init2         0x0000020a       0x10 c:/program files (x86)/atmel/atmel toolchain/avr8 gcc/native/3.4.2.1002/avr8-gnu-toolchain/bin/../lib/gcc/avr/4.7.2/../../../../avr/lib/avr6/crtm2560.o
 *(.init2)
 *(.init3)
 *(.init3)
 *(.init4)
 .init4         0x0000021a       0x1a c:/program files (x86)/atmel/atmel toolchain/avr8 gcc/native/3.4.2.1002/avr8-gnu-toolchain/bin/../lib/gcc/avr/4.7.2/avr6\libgcc.a(_copy_data.o)
                0x0000021a                __do_copy_data
 .init4         0x00000234       0x10 c:/program files (x86)/atmel/atmel toolchain/avr8 gcc/native/3.4.2.1002/avr8-gnu-toolchain/bin/../lib/gcc/avr/4.7.2/avr6\libgcc.a(_clear_bss.o)
                0x00000234                __do_clear_bss
 *(.init4)
 *(.init5)
 *(.init5)
 *(.init6)
 .init6         0x00000244       0x20 c:/program files (x86)/atmel/atmel toolchain/avr8 gcc/native/3.4.2.1002/avr8-gnu-toolchain/bin/../lib/gcc/avr/4.7.2/avr6\libgcc.a(_ctors.o)
                0x00000244                __do_global_ctors
 *(.init6)
 *(.init7)
 *(.init7)
 *(.init8)
 *(.init8)
 *(.init9)
 .init9         0x00000264        0x6 c:/program files (x86)/atmel/atmel toolchain/avr8 gcc/native/3.4.2.1002/avr8-gnu-toolchain/bin/../lib/gcc/avr/4.7.2/../../../../avr/lib/avr6/crtm2560.o
 *(.init9)
 *(.text)
 .text          0x0000026a        0x2 c:/program files (x86)/atmel/atmel toolchain/avr8 gcc/native/3.4.2.1002/avr8-gnu-toolchain/bin/../lib/gcc/avr/4.7.2/../../../../avr/lib/avr6/crtm2560.o
                0x0000026a                __vector_38
                0x0000026a                __vector_22
                0x0000026a                __vector_28
                0x0000026a                __vector_1
                0x0000026a                __vector_34
                0x0000026a                __vector_24
                0x0000026a                __vector_12
                0x0000026a                __vector_46
                0x0000026a                __bad_interrupt
                0x0000026a                __vector_6
                0x0000026a                __vector_31
                0x0000026a                __vector_35
                0x0000026a                __vector_39
                0x0000026a                __vector_3
                0x0000026a                __vector_30
                0x0000026a                __vector_45
                0x0000026a                __vector_11
                0x0000026a                __vector_19
                0x0000026a                __vector_56
                0x0000026a                __vector_7
                0x0000026a                __vector_49
                0x0000026a                __vector_41
                0x0000026a                __vector_43
                0x0000026a                __vector_27
                0x0000026a                __vector_5
                0x0000026a                __vector_33
                0x0000026a                __vector_4
                0x0000026a                __vector_44
                0x0000026a                __vector_9
                0x0000026a                __vector_2
                0x0000026a                __vector_21
                0x0000026a                __vector_15
                0x0000026a                __vector_29
                0x0000026a                __vector_40
                0x0000026a                __vector_8
                0x0000026a                __vector_48
                0x0000026a                __vector_14
                0x0000026a                __vector_53
                0x0000026a                __vector_10
                0x0000026a                __vector_50
                0x0000026a                __vector_16
                0x0000026a                __vector_18
                0x0000026a                __vector_20
                0x0000026c                . = ALIGN (0x2)
 *(.text.*)
 .text._Z19delayInMilliSecondsi
                0x0000026c       0x4e delay.o
                0x0000026c                _Z19delayInMilliSecondsi
 .text._Z41__static_initialization_and_destruction_0ii
                0x000002ba       0x54 FreeRTOS2560.o
 .text._Z8xbeeTaskPv
                0x0000030e      0x22a FreeRTOS2560.o
                0x0000030e                _Z8xbeeTaskPv
 .text._Z8flexTaskPv
                0x00000538      0x17a FreeRTOS2560.o
                0x00000538                _Z8flexTaskPv
 .text._Z15writeToActuatorff
                0x000006b2       0xd4 FreeRTOS2560.o
                0x000006b2                _Z15writeToActuatorff
 .text._Z6ssTaskPv
                0x00000786       0xb0 FreeRTOS2560.o
                0x00000786                _Z6ssTaskPv
 .text.main     0x00000836       0xe8 FreeRTOS2560.o
                0x00000836                main
 .text._GLOBAL__sub_I_flexpin
                0x0000091e        0xa FreeRTOS2560.o
 .text._GLOBAL__sub_D_flexpin
                0x00000928        0xa FreeRTOS2560.o
 .text.pvPortMalloc
                0x00000932       0x6c heap_1.o
                0x00000932                pvPortMalloc
 .text.vPortFree
                0x0000099e        0x2 heap_1.o
                0x0000099e                vPortFree
 .text.vListInitialise
                0x000009a0       0x1c list.o
                0x000009a0                vListInitialise
 .text.vListInitialiseItem
                0x000009bc        0x8 list.o
                0x000009bc                vListInitialiseItem
 .text.vListInsertEnd
                0x000009c4       0x42 list.o
                0x000009c4                vListInsertEnd
 .text.vListInsert
                0x00000a06       0x62 list.o
                0x00000a06                vListInsert
 .text.uxListRemove
                0x00000a68       0x4c list.o
                0x00000a68                uxListRemove
 .text.pxPortInitialiseStack
                0x00000ab4      0x13a port.o
                0x00000ab4                pxPortInitialiseStack
 .text.xPortStartScheduler
                0x00000bee       0x82 port.o
                0x00000bee                xPortStartScheduler
 .text.vPortYield
                0x00000c70       0xc2 port.o
                0x00000c70                vPortYield
 .text.vPortYieldFromTick
                0x00000d32       0xc6 port.o
                0x00000d32                vPortYieldFromTick
 .text.__vector_13
                0x00000df8        0x4 port.o
                0x00000df8                __vector_13
 .text._ZN3QueC2Ev
                0x00000dfc       0x2e que.o
                0x00000dfc                _ZN3QueC2Ev
                0x00000dfc                _ZN3QueC1Ev
 .text._ZN3QueD2Ev
                0x00000e2a       0x10 que.o
                0x00000e2a                _ZN3QueD2Ev
                0x00000e2a                _ZN3QueD1Ev
 .text._ZN3Que7EnqueueEh
                0x00000e3a       0x7e que.o
                0x00000e3a                _ZN3Que7EnqueueEh
 .text._ZN3Que4PeekEj
                0x00000eb8       0x74 que.o
                0x00000eb8                _ZN3Que4PeekEj
 .text._ZN3Que4CopyEPhi
                0x00000f2c       0xd2 que.o
                0x00000f2c                _ZN3Que4CopyEPhi
 .text._ZN3Que5ClearEj
                0x00000ffe      0x132 que.o
                0x00000ffe                _ZN3Que5ClearEj
 .text.__vector_17
                0x00001130      0x1ae Servo.o
                0x00001130                __vector_17
 .text.__vector_32
                0x000012de      0x1ae Servo.o
                0x000012de                __vector_32
 .text.__vector_42
                0x0000148c      0x1ae Servo.o
                0x0000148c                __vector_42
 .text.__vector_47
                0x0000163a      0x19c Servo.o
                0x0000163a                __vector_47
 .text.prvResetNextTaskUnblockTime
                0x000017d6       0x3e tasks.o
 .text.prvAddCurrentTaskToDelayedList
                0x00001814       0x6a tasks.o
 .text.xTaskGenericCreate
                0x0000187e      0x214 tasks.o
                0x0000187e                xTaskGenericCreate
 .text.vTaskStartScheduler
                0x00001a92       0x52 tasks.o
                0x00001a92                vTaskStartScheduler
 .text.vTaskSuspendAll
                0x00001ae4        0xc tasks.o
                0x00001ae4                vTaskSuspendAll
 .text.xTaskIncrementTick
                0x00001af0      0x17c tasks.o
                0x00001af0                xTaskIncrementTick
 .text.xTaskResumeAll
                0x00001c6c      0x100 tasks.o
                0x00001c6c                xTaskResumeAll
 .text.prvIdleTask
                0x00001d6c       0x74 tasks.o
 .text.vTaskDelay
                0x00001de0       0x3a tasks.o
                0x00001de0                vTaskDelay
 .text.vTaskSwitchContext
                0x00001e1a       0xbc tasks.o
                0x00001e1a                vTaskSwitchContext
 .text._ZN10UltrasonicC2Eii
                0x00001ed6       0x5c Ultrasonic.o
                0x00001ed6                _ZN10UltrasonicC1Eii
                0x00001ed6                _ZN10UltrasonicC2Eii
 .text._ZN10Ultrasonic6timingEv
                0x00001f32       0x44 Ultrasonic.o
                0x00001f32                _ZN10Ultrasonic6timingEv
 .text._ZN10Ultrasonic12CalcDistanceEli
                0x00001f76       0x46 Ultrasonic.o
                0x00001f76                _ZN10Ultrasonic12CalcDistanceEli
 .text._ZN4XBee6escapeEPhiS0_
                0x00001fbc       0x7c XBee.o
                0x00001fbc                _ZN4XBee6escapeEPhiS0_
 .text._ZN4XBee4SendEPhiS0_i
                0x00002038       0xc4 XBee.o
                0x00002038                _ZN4XBee4SendEPhiS0_i
 .text._ZN4XBee8unescapeEPhiS0_
                0x000020fc       0x68 XBee.o
                0x000020fc                _ZN4XBee8unescapeEPhiS0_
 .text._ZN4XBee7ReceiveEPhiS0_
                0x00002164       0x6e XBee.o
                0x00002164                _ZN4XBee7ReceiveEPhiS0_
 .text.avr-libc.fplib
                0x000021d2        0x8 c:/program files (x86)/atmel/atmel toolchain/avr8 gcc/native/3.4.2.1002/avr8-gnu-toolchain/bin/../lib/gcc/avr/4.7.2/../../../../avr/lib/avr6\libm.a(cmpsf2.o)
                0x000021d2                __nesf2
                0x000021d2                __eqsf2
                0x000021d2                __cmpsf2
                0x000021d2                __ltsf2
                0x000021d2                __lesf2
 .text.avr-libc.fplib
                0x000021da        0x4 c:/program files (x86)/atmel/atmel toolchain/avr8 gcc/native/3.4.2.1002/avr8-gnu-toolchain/bin/../lib/gcc/avr/4.7.2/../../../../avr/lib/avr6\libm.a(divsf3.o)
                0x000021da                __divsf3
 .text.avr-libc.fplib
                0x000021de       0xcc c:/program files (x86)/atmel/atmel toolchain/avr8 gcc/native/3.4.2.1002/avr8-gnu-toolchain/bin/../lib/gcc/avr/4.7.2/../../../../avr/lib/avr6\libm.a(divsf3x.o)
                0x000021f4                __divsf3x
                0x000021f8                __divsf3_pse
 .text.avr-libc.fplib
                0x000022aa       0x7a c:/program files (x86)/atmel/atmel toolchain/avr8 gcc/native/3.4.2.1002/avr8-gnu-toolchain/bin/../lib/gcc/avr/4.7.2/../../../../avr/lib/avr6\libm.a(floatsisf.o)
                0x000022aa                __floatunsisf
                0x000022ae                __floatsisf
 .text.avr-libc.fplib
                0x00002324       0x48 c:/program files (x86)/atmel/atmel toolchain/avr8 gcc/native/3.4.2.1002/avr8-gnu-toolchain/bin/../lib/gcc/avr/4.7.2/../../../../avr/lib/avr6\libm.a(fp_cmp.o)
                0x00002324                __fp_cmp
 .text.avr-libc.fplib
                0x0000236c        0xc c:/program files (x86)/atmel/atmel toolchain/avr8 gcc/native/3.4.2.1002/avr8-gnu-toolchain/bin/../lib/gcc/avr/4.7.2/../../../../avr/lib/avr6\libm.a(fp_inf.o)
                0x0000236c                __fp_inf
 .text.avr-libc.fplib
                0x00002378        0x6 c:/program files (x86)/atmel/atmel toolchain/avr8 gcc/native/3.4.2.1002/avr8-gnu-toolchain/bin/../lib/gcc/avr/4.7.2/../../../../avr/lib/avr6\libm.a(fp_nan.o)
                0x00002378                __fp_nan
 .text.avr-libc.fplib
                0x0000237e        0xe c:/program files (x86)/atmel/atmel toolchain/avr8 gcc/native/3.4.2.1002/avr8-gnu-toolchain/bin/../lib/gcc/avr/4.7.2/../../../../avr/lib/avr6\libm.a(fp_pscA.o)
                0x0000237e                __fp_pscA
 .text.avr-libc.fplib
                0x0000238c        0xe c:/program files (x86)/atmel/atmel toolchain/avr8 gcc/native/3.4.2.1002/avr8-gnu-toolchain/bin/../lib/gcc/avr/4.7.2/../../../../avr/lib/avr6\libm.a(fp_pscB.o)
                0x0000238c                __fp_pscB
 .text.avr-libc.fplib
                0x0000239a       0x22 c:/program files (x86)/atmel/atmel toolchain/avr8 gcc/native/3.4.2.1002/avr8-gnu-toolchain/bin/../lib/gcc/avr/4.7.2/../../../../avr/lib/avr6\libm.a(fp_round.o)
                0x0000239a                __fp_round
 .text.avr-libc.fplib
                0x000023bc       0x44 c:/program files (x86)/atmel/atmel toolchain/avr8 gcc/native/3.4.2.1002/avr8-gnu-toolchain/bin/../lib/gcc/avr/4.7.2/../../../../avr/lib/avr6\libm.a(fp_split3.o)
                0x000023bc                __fp_split3
                0x000023cc                __fp_splitA
 .text.avr-libc.fplib
                0x00002400        0xe c:/program files (x86)/atmel/atmel toolchain/avr8 gcc/native/3.4.2.1002/avr8-gnu-toolchain/bin/../lib/gcc/avr/4.7.2/../../../../avr/lib/avr6\libm.a(fp_zero.o)
                0x00002400                __fp_zero
                0x00002402                __fp_szero
 .text.avr-libc.fplib
                0x0000240e        0x8 c:/program files (x86)/atmel/atmel toolchain/avr8 gcc/native/3.4.2.1002/avr8-gnu-toolchain/bin/../lib/gcc/avr/4.7.2/../../../../avr/lib/avr6\libm.a(gesf2.o)
                0x0000240e                __gesf2
                0x0000240e                __gtsf2
 .text.avr-libc.fplib
                0x00002416        0x4 c:/program files (x86)/atmel/atmel toolchain/avr8 gcc/native/3.4.2.1002/avr8-gnu-toolchain/bin/../lib/gcc/avr/4.7.2/../../../../avr/lib/avr6\libm.a(mulsf3.o)
                0x00002416                __mulsf3
 .text.avr-libc.fplib
                0x0000241a       0xc2 c:/program files (x86)/atmel/atmel toolchain/avr8 gcc/native/3.4.2.1002/avr8-gnu-toolchain/bin/../lib/gcc/avr/4.7.2/../../../../avr/lib/avr6\libm.a(mulsf3x.o)
                0x0000242e                __mulsf3x
                0x00002432                __mulsf3_pse
 .text._ZN14HardwareSerial9availableEv
                0x000024dc       0x3c ../../../arduinolib/arduinolib/Debug\libarduinolib.a(HardwareSerial.o)
                0x000024dc                _ZN14HardwareSerial9availableEv
 .text._ZN14HardwareSerial4peekEv
                0x00002518       0x40 ../../../arduinolib/arduinolib/Debug\libarduinolib.a(HardwareSerial.o)
                0x00002518                _ZN14HardwareSerial4peekEv
 .text._ZN14HardwareSerial4readEv
                0x00002558       0x4e ../../../arduinolib/arduinolib/Debug\libarduinolib.a(HardwareSerial.o)
                0x00002558                _ZN14HardwareSerial4readEv
 .text._ZN14HardwareSerial5flushEv
                0x000025a6       0x16 ../../../arduinolib/arduinolib/Debug\libarduinolib.a(HardwareSerial.o)
                0x000025a6                _ZN14HardwareSerial5flushEv
 .text._ZN14HardwareSerial5writeEh
                0x000025bc       0x8e ../../../arduinolib/arduinolib/Debug\libarduinolib.a(HardwareSerial.o)
                0x000025bc                _ZN14HardwareSerial5writeEh
 .text.__vector_25
                0x0000264a       0x80 ../../../arduinolib/arduinolib/Debug\libarduinolib.a(HardwareSerial.o)
                0x0000264a                __vector_25
 .text.__vector_36
                0x000026ca       0x80 ../../../arduinolib/arduinolib/Debug\libarduinolib.a(HardwareSerial.o)
                0x000026ca                __vector_36
 .text.__vector_51
                0x0000274a       0x80 ../../../arduinolib/arduinolib/Debug\libarduinolib.a(HardwareSerial.o)
                0x0000274a                __vector_51
 .text.__vector_54
                0x000027ca       0x80 ../../../arduinolib/arduinolib/Debug\libarduinolib.a(HardwareSerial.o)
                0x000027ca                __vector_54
 .text.__vector_26
                0x0000284a       0x7e ../../../arduinolib/arduinolib/Debug\libarduinolib.a(HardwareSerial.o)
                0x0000284a                __vector_26
 .text.__vector_37
                0x000028c8       0x7e ../../../arduinolib/arduinolib/Debug\libarduinolib.a(HardwareSerial.o)
                0x000028c8                __vector_37
 .text.__vector_52
                0x00002946       0x7e ../../../arduinolib/arduinolib/Debug\libarduinolib.a(HardwareSerial.o)
                0x00002946                __vector_52
 .text.__vector_55
                0x000029c4       0x7e ../../../arduinolib/arduinolib/Debug\libarduinolib.a(HardwareSerial.o)
                0x000029c4                __vector_55
 .text._ZN14HardwareSerialC2EP11ring_bufferS1_PVhS3_S3_S3_S3_S3_hhhhh
                0x00002a42       0x88 ../../../arduinolib/arduinolib/Debug\libarduinolib.a(HardwareSerial.o)
                0x00002a42                _ZN14HardwareSerialC2EP11ring_bufferS1_PVhS3_S3_S3_S3_S3_hhhhh
                0x00002a42                _ZN14HardwareSerialC1EP11ring_bufferS1_PVhS3_S3_S3_S3_S3_hhhhh
 .text._ZN14HardwareSerial5beginEm
                0x00002aca      0x106 ../../../arduinolib/arduinolib/Debug\libarduinolib.a(HardwareSerial.o)
                0x00002aca                _ZN14HardwareSerial5beginEm
 .text._GLOBAL__sub_I_rx_buffer
                0x00002bd0      0x18e ../../../arduinolib/arduinolib/Debug\libarduinolib.a(HardwareSerial.o)
 .text._ZN5Print5writeEPKhj
                0x00002d5e       0x58 ../../../arduinolib/arduinolib/Debug\libarduinolib.a(Print.o)
                0x00002d5e                _ZN5Print5writeEPKhj
 .text._ZN5Print5printEPKc
                0x00002db6       0x36 ../../../arduinolib/arduinolib/Debug\libarduinolib.a(Print.o)
                0x00002db6                _ZN5Print5printEPKc
 .text._ZN5Print5printEc
                0x00002dec       0x10 ../../../arduinolib/arduinolib/Debug\libarduinolib.a(Print.o)
                0x00002dec                _ZN5Print5printEc
 .text._ZN5Print7printlnEv
                0x00002dfc       0x2a ../../../arduinolib/arduinolib/Debug\libarduinolib.a(Print.o)
                0x00002dfc                _ZN5Print7printlnEv
 .text._ZN5Print7printlnEPKc
                0x00002e26       0x26 ../../../arduinolib/arduinolib/Debug\libarduinolib.a(Print.o)
                0x00002e26                _ZN5Print7printlnEPKc
 .text._ZN5Print11printNumberEmh
                0x00002e4c       0xee ../../../arduinolib/arduinolib/Debug\libarduinolib.a(Print.o)
                0x00002e4c                _ZN5Print11printNumberEmh
 .text._ZN5Print5printEmi
                0x00002f3a       0x1a ../../../arduinolib/arduinolib/Debug\libarduinolib.a(Print.o)
                0x00002f3a                _ZN5Print5printEmi
 .text._ZN5Print5printEhi
                0x00002f54        0xc ../../../arduinolib/arduinolib/Debug\libarduinolib.a(Print.o)
                0x00002f54                _ZN5Print5printEhi
 .text._ZN5Print7printlnEhi
                0x00002f60       0x26 ../../../arduinolib/arduinolib/Debug\libarduinolib.a(Print.o)
                0x00002f60                _ZN5Print7printlnEhi
 .text.__vector_23
                0x00002f86       0x94 ../../../arduinolib/arduinolib/Debug\libarduinolib.a(wiring.o)
                0x00002f86                __vector_23
 .text.millis   0x0000301a       0x28 ../../../arduinolib/arduinolib/Debug\libarduinolib.a(wiring.o)
                0x0000301a                millis
 .text.delayMicroseconds
                0x00003042       0x14 ../../../arduinolib/arduinolib/Debug\libarduinolib.a(wiring.o)
                0x00003042                delayMicroseconds
 .text.init     0x00003056       0xc4 ../../../arduinolib/arduinolib/Debug\libarduinolib.a(wiring.o)
                0x00003056                init
 .text.analogRead
                0x0000311a       0x52 ../../../arduinolib/arduinolib/Debug\libarduinolib.a(wiring_analog.o)
                0x0000311a                analogRead
 .text.turnOffPWM
                0x0000316c       0xfe ../../../arduinolib/arduinolib/Debug\libarduinolib.a(wiring_digital.o)
 .text.pinMode  0x0000326a       0x84 ../../../arduinolib/arduinolib/Debug\libarduinolib.a(wiring_digital.o)
                0x0000326a                pinMode
 .text.digitalWrite
                0x000032ee       0x64 ../../../arduinolib/arduinolib/Debug\libarduinolib.a(wiring_digital.o)
                0x000032ee                digitalWrite
 .text.pulseIn  0x00003352      0x1ca ../../../arduinolib/arduinolib/Debug\libarduinolib.a(wiring_pulse.o)
                0x00003352                pulseIn
 .text.libgcc.div
                0x0000351c       0x26 c:/program files (x86)/atmel/atmel toolchain/avr8 gcc/native/3.4.2.1002/avr8-gnu-toolchain/bin/../lib/gcc/avr/4.7.2/avr6\libgcc.a(_divmodhi4.o)
                0x0000351c                _div
                0x0000351c                __divmodhi4
 .text.libgcc.div
                0x00003542       0x44 c:/program files (x86)/atmel/atmel toolchain/avr8 gcc/native/3.4.2.1002/avr8-gnu-toolchain/bin/../lib/gcc/avr/4.7.2/avr6\libgcc.a(_udivmodsi4.o)
                0x00003542                __udivmodsi4
 .text.libgcc.mul
                0x00003586       0x18 c:/program files (x86)/atmel/atmel toolchain/avr8 gcc/native/3.4.2.1002/avr8-gnu-toolchain/bin/../lib/gcc/avr/4.7.2/avr6\libgcc.a(_umulhisi3.o)
                0x00003586                __umulhisi3
 .text.libgcc   0x0000359e        0x8 c:/program files (x86)/atmel/atmel toolchain/avr8 gcc/native/3.4.2.1002/avr8-gnu-toolchain/bin/../lib/gcc/avr/4.7.2/avr6\libgcc.a(_tablejump_elpm.o)
                0x0000359e                __tablejump_elpm__
 .text.libgcc.div
                0x000035a6       0x28 c:/program files (x86)/atmel/atmel toolchain/avr8 gcc/native/3.4.2.1002/avr8-gnu-toolchain/bin/../lib/gcc/avr/4.7.2/avr6\libgcc.a(_udivmodhi4.o)
                0x000035a6                __udivmodhi4
 .text.avr-libc
                0x000035ce       0x12 c:/program files (x86)/atmel/atmel toolchain/avr8 gcc/native/3.4.2.1002/avr8-gnu-toolchain/bin/../lib/gcc/avr/4.7.2/../../../../avr/lib/avr6\libc.a(memcpy.o)
                0x000035ce                memcpy
                0x000035e0                . = ALIGN (0x2)
 *(.fini9)
 .fini9         0x000035e0        0x0 c:/program files (x86)/atmel/atmel toolchain/avr8 gcc/native/3.4.2.1002/avr8-gnu-toolchain/bin/../lib/gcc/avr/4.7.2/avr6\libgcc.a(_exit.o)
                0x000035e0                _exit
                0x000035e0                exit
 *(.fini9)
 *(.fini8)
 *(.fini8)
 *(.fini7)
 *(.fini7)
 *(.fini6)
 .fini6         0x000035e0       0x1e c:/program files (x86)/atmel/atmel toolchain/avr8 gcc/native/3.4.2.1002/avr8-gnu-toolchain/bin/../lib/gcc/avr/4.7.2/avr6\libgcc.a(_dtors.o)
                0x000035e0                __do_global_dtors
 *(.fini6)
 *(.fini5)
 *(.fini5)
 *(.fini4)
 *(.fini4)
 *(.fini3)
 *(.fini3)
 *(.fini2)
 *(.fini2)
 *(.fini1)
 *(.fini1)
 *(.fini0)
 .fini0         0x000035fe        0x4 c:/program files (x86)/atmel/atmel toolchain/avr8 gcc/native/3.4.2.1002/avr8-gnu-toolchain/bin/../lib/gcc/avr/4.7.2/avr6\libgcc.a(_exit.o)
 *(.fini0)
                0x00003602                _etext = .

.data           0x00800200       0x86 load address 0x00003602
                0x00800200                PROVIDE (__data_start, .)
 *(.data)
 .data          0x00800200        0x0 c:/program files (x86)/atmel/atmel toolchain/avr8 gcc/native/3.4.2.1002/avr8-gnu-toolchain/bin/../lib/gcc/avr/4.7.2/../../../../avr/lib/avr6/crtm2560.o
 .data          0x00800200        0x0 delay.o
 .data          0x00800200        0x0 FreeRTOS2560.o
 .data          0x00800200        0x0 heap_1.o
 .data          0x00800200        0x0 list.o
 .data          0x00800200        0x0 microsmooth.o
 .data          0x00800200        0x0 port.o
 .data          0x00800200        0x0 que.o
 .data          0x00800200        0x0 queue.o
 .data          0x00800200        0x0 Servo.o
 .data          0x00800200        0x0 tasks.o
 .data          0x00800200        0x0 Ultrasonic.o
 .data          0x00800200        0x0 XBee.o
 .data          0x00800200        0x0 c:/program files (x86)/atmel/atmel toolchain/avr8 gcc/native/3.4.2.1002/avr8-gnu-toolchain/bin/../lib/gcc/avr/4.7.2/../../../../avr/lib/avr6\libm.a(cmpsf2.o)
 .data          0x00800200        0x0 c:/program files (x86)/atmel/atmel toolchain/avr8 gcc/native/3.4.2.1002/avr8-gnu-toolchain/bin/../lib/gcc/avr/4.7.2/../../../../avr/lib/avr6\libm.a(divsf3.o)
 .data          0x00800200        0x0 c:/program files (x86)/atmel/atmel toolchain/avr8 gcc/native/3.4.2.1002/avr8-gnu-toolchain/bin/../lib/gcc/avr/4.7.2/../../../../avr/lib/avr6\libm.a(divsf3x.o)
 .data          0x00800200        0x0 c:/program files (x86)/atmel/atmel toolchain/avr8 gcc/native/3.4.2.1002/avr8-gnu-toolchain/bin/../lib/gcc/avr/4.7.2/../../../../avr/lib/avr6\libm.a(floatsisf.o)
 .data          0x00800200        0x0 c:/program files (x86)/atmel/atmel toolchain/avr8 gcc/native/3.4.2.1002/avr8-gnu-toolchain/bin/../lib/gcc/avr/4.7.2/../../../../avr/lib/avr6\libm.a(fp_cmp.o)
 .data          0x00800200        0x0 c:/program files (x86)/atmel/atmel toolchain/avr8 gcc/native/3.4.2.1002/avr8-gnu-toolchain/bin/../lib/gcc/avr/4.7.2/../../../../avr/lib/avr6\libm.a(fp_inf.o)
 .data          0x00800200        0x0 c:/program files (x86)/atmel/atmel toolchain/avr8 gcc/native/3.4.2.1002/avr8-gnu-toolchain/bin/../lib/gcc/avr/4.7.2/../../../../avr/lib/avr6\libm.a(fp_nan.o)
 .data          0x00800200        0x0 c:/program files (x86)/atmel/atmel toolchain/avr8 gcc/native/3.4.2.1002/avr8-gnu-toolchain/bin/../lib/gcc/avr/4.7.2/../../../../avr/lib/avr6\libm.a(fp_pscA.o)
 .data          0x00800200        0x0 c:/program files (x86)/atmel/atmel toolchain/avr8 gcc/native/3.4.2.1002/avr8-gnu-toolchain/bin/../lib/gcc/avr/4.7.2/../../../../avr/lib/avr6\libm.a(fp_pscB.o)
 .data          0x00800200        0x0 c:/program files (x86)/atmel/atmel toolchain/avr8 gcc/native/3.4.2.1002/avr8-gnu-toolchain/bin/../lib/gcc/avr/4.7.2/../../../../avr/lib/avr6\libm.a(fp_round.o)
 .data          0x00800200        0x0 c:/program files (x86)/atmel/atmel toolchain/avr8 gcc/native/3.4.2.1002/avr8-gnu-toolchain/bin/../lib/gcc/avr/4.7.2/../../../../avr/lib/avr6\libm.a(fp_split3.o)
 .data          0x00800200        0x0 c:/program files (x86)/atmel/atmel toolchain/avr8 gcc/native/3.4.2.1002/avr8-gnu-toolchain/bin/../lib/gcc/avr/4.7.2/../../../../avr/lib/avr6\libm.a(fp_zero.o)
 .data          0x00800200        0x0 c:/program files (x86)/atmel/atmel toolchain/avr8 gcc/native/3.4.2.1002/avr8-gnu-toolchain/bin/../lib/gcc/avr/4.7.2/../../../../avr/lib/avr6\libm.a(gesf2.o)
 .data          0x00800200        0x0 c:/program files (x86)/atmel/atmel toolchain/avr8 gcc/native/3.4.2.1002/avr8-gnu-toolchain/bin/../lib/gcc/avr/4.7.2/../../../../avr/lib/avr6\libm.a(mulsf3.o)
 .data          0x00800200        0x0 c:/program files (x86)/atmel/atmel toolchain/avr8 gcc/native/3.4.2.1002/avr8-gnu-toolchain/bin/../lib/gcc/avr/4.7.2/../../../../avr/lib/avr6\libm.a(mulsf3x.o)
 .data          0x00800200        0x0 ../../../arduinolib/arduinolib/Debug\libarduinolib.a(HardwareSerial.o)
 .data          0x00800200        0x0 ../../../arduinolib/arduinolib/Debug\libarduinolib.a(new.o)
 .data          0x00800200        0x0 ../../../arduinolib/arduinolib/Debug\libarduinolib.a(Print.o)
 .data          0x00800200        0x0 ../../../arduinolib/arduinolib/Debug\libarduinolib.a(wiring.o)
 .data          0x00800200        0x0 ../../../arduinolib/arduinolib/Debug\libarduinolib.a(wiring_analog.o)
 .data          0x00800200        0x0 ../../../arduinolib/arduinolib/Debug\libarduinolib.a(wiring_digital.o)
 .data          0x00800200        0x0 ../../../arduinolib/arduinolib/Debug\libarduinolib.a(wiring_pulse.o)
 .data          0x00800200        0x0 ../../../arduinolib/arduinolib/Debug\libarduinolib.a(WMath.o)
 .data          0x00800200        0x0 c:/program files (x86)/atmel/atmel toolchain/avr8 gcc/native/3.4.2.1002/avr8-gnu-toolchain/bin/../lib/gcc/avr/4.7.2/../../../../avr/lib/avr6\libm.a(addsf3.o)
 .data          0x00800200        0x0 c:/program files (x86)/atmel/atmel toolchain/avr8 gcc/native/3.4.2.1002/avr8-gnu-toolchain/bin/../lib/gcc/avr/4.7.2/../../../../avr/lib/avr6\libm.a(addsf3x.o)
 .data          0x00800200        0x0 c:/program files (x86)/atmel/atmel toolchain/avr8 gcc/native/3.4.2.1002/avr8-gnu-toolchain/bin/../lib/gcc/avr/4.7.2/../../../../avr/lib/avr6\libm.a(fixsfsi.o)
 .data          0x00800200        0x0 c:/program files (x86)/atmel/atmel toolchain/avr8 gcc/native/3.4.2.1002/avr8-gnu-toolchain/bin/../lib/gcc/avr/4.7.2/../../../../avr/lib/avr6\libm.a(fixunssfsi.o)
 .data          0x00800200        0x0 c:/program files (x86)/atmel/atmel toolchain/avr8 gcc/native/3.4.2.1002/avr8-gnu-toolchain/bin/../lib/gcc/avr/4.7.2/../../../../avr/lib/avr6\libm.a(unordsf2.o)
 .data          0x00800200        0x0 c:/program files (x86)/atmel/atmel toolchain/avr8 gcc/native/3.4.2.1002/avr8-gnu-toolchain/bin/../lib/gcc/avr/4.7.2/avr6\libgcc.a(_mulsi3.o)
 .data          0x00800200        0x0 c:/program files (x86)/atmel/atmel toolchain/avr8 gcc/native/3.4.2.1002/avr8-gnu-toolchain/bin/../lib/gcc/avr/4.7.2/avr6\libgcc.a(_divmodhi4.o)
 .data          0x00800200        0x0 c:/program files (x86)/atmel/atmel toolchain/avr8 gcc/native/3.4.2.1002/avr8-gnu-toolchain/bin/../lib/gcc/avr/4.7.2/avr6\libgcc.a(_udivmodsi4.o)
 .data          0x00800200        0x0 c:/program files (x86)/atmel/atmel toolchain/avr8 gcc/native/3.4.2.1002/avr8-gnu-toolchain/bin/../lib/gcc/avr/4.7.2/avr6\libgcc.a(_divmodsi4.o)
 .data          0x00800200        0x0 c:/program files (x86)/atmel/atmel toolchain/avr8 gcc/native/3.4.2.1002/avr8-gnu-toolchain/bin/../lib/gcc/avr/4.7.2/avr6\libgcc.a(_exit.o)
 .data          0x00800200        0x0 c:/program files (x86)/atmel/atmel toolchain/avr8 gcc/native/3.4.2.1002/avr8-gnu-toolchain/bin/../lib/gcc/avr/4.7.2/avr6\libgcc.a(_copy_data.o)
 .data          0x00800200        0x0 c:/program files (x86)/atmel/atmel toolchain/avr8 gcc/native/3.4.2.1002/avr8-gnu-toolchain/bin/../lib/gcc/avr/4.7.2/avr6\libgcc.a(_clear_bss.o)
 .data          0x00800200        0x0 c:/program files (x86)/atmel/atmel toolchain/avr8 gcc/native/3.4.2.1002/avr8-gnu-toolchain/bin/../lib/gcc/avr/4.7.2/avr6\libgcc.a(_ctors.o)
 .data          0x00800200        0x0 c:/program files (x86)/atmel/atmel toolchain/avr8 gcc/native/3.4.2.1002/avr8-gnu-toolchain/bin/../lib/gcc/avr/4.7.2/avr6\libgcc.a(_dtors.o)
 .data          0x00800200        0x0 c:/program files (x86)/atmel/atmel toolchain/avr8 gcc/native/3.4.2.1002/avr8-gnu-toolchain/bin/../lib/gcc/avr/4.7.2/avr6\libgcc.a(_umulhisi3.o)
 .data          0x00800200        0x0 c:/program files (x86)/atmel/atmel toolchain/avr8 gcc/native/3.4.2.1002/avr8-gnu-toolchain/bin/../lib/gcc/avr/4.7.2/avr6\libgcc.a(_muluhisi3.o)
 .data          0x00800200        0x0 c:/program files (x86)/atmel/atmel toolchain/avr8 gcc/native/3.4.2.1002/avr8-gnu-toolchain/bin/../lib/gcc/avr/4.7.2/avr6\libgcc.a(_udivdi3.o)
 .data          0x00800200        0x0 c:/program files (x86)/atmel/atmel toolchain/avr8 gcc/native/3.4.2.1002/avr8-gnu-toolchain/bin/../lib/gcc/avr/4.7.2/avr6\libgcc.a(_udivmod64.o)
 .data          0x00800200        0x0 c:/program files (x86)/atmel/atmel toolchain/avr8 gcc/native/3.4.2.1002/avr8-gnu-toolchain/bin/../lib/gcc/avr/4.7.2/avr6\libgcc.a(_tablejump_elpm.o)
 .data          0x00800200        0x0 c:/program files (x86)/atmel/atmel toolchain/avr8 gcc/native/3.4.2.1002/avr8-gnu-toolchain/bin/../lib/gcc/avr/4.7.2/avr6\libgcc.a(_udivmodhi4.o)
 .data          0x00800200        0x0 c:/program files (x86)/atmel/atmel toolchain/avr8 gcc/native/3.4.2.1002/avr8-gnu-toolchain/bin/../lib/gcc/avr/4.7.2/../../../../avr/lib/avr6\libc.a(calloc.o)
 .data          0x00800200        0x6 c:/program files (x86)/atmel/atmel toolchain/avr8 gcc/native/3.4.2.1002/avr8-gnu-toolchain/bin/../lib/gcc/avr/4.7.2/../../../../avr/lib/avr6\libc.a(malloc.o)
                0x00800200                __malloc_heap_end
                0x00800202                __malloc_heap_start
                0x00800204                __malloc_margin
 .data          0x00800206        0x4 c:/program files (x86)/atmel/atmel toolchain/avr8 gcc/native/3.4.2.1002/avr8-gnu-toolchain/bin/../lib/gcc/avr/4.7.2/../../../../avr/lib/avr6\libc.a(random.o)
 .data          0x0080020a        0x0 c:/program files (x86)/atmel/atmel toolchain/avr8 gcc/native/3.4.2.1002/avr8-gnu-toolchain/bin/../lib/gcc/avr/4.7.2/../../../../avr/lib/avr6\libc.a(memcpy.o)
 .data          0x0080020a        0x0 c:/program files (x86)/atmel/atmel toolchain/avr8 gcc/native/3.4.2.1002/avr8-gnu-toolchain/bin/../lib/gcc/avr/4.7.2/../../../../avr/lib/avr6\libc.a(memset.o)
 .data          0x0080020a        0x0 c:/program files (x86)/atmel/atmel toolchain/avr8 gcc/native/3.4.2.1002/avr8-gnu-toolchain/bin/../lib/gcc/avr/4.7.2/avr6\libgcc.a(_mulshisi3.o)
 *(.data*)
 .data.sonarpin_2
                0x0080020a        0x2 FreeRTOS2560.o
                0x0080020a                sonarpin_2
 .data.sonarpin_1
                0x0080020c        0x2 FreeRTOS2560.o
                0x0080020c                sonarpin_1
 .data.echopin_2
                0x0080020e        0x2 FreeRTOS2560.o
                0x0080020e                echopin_2
 .data.trigpin_2
                0x00800210        0x2 FreeRTOS2560.o
                0x00800210                trigpin_2
 .data.echopin_1
                0x00800212        0x2 FreeRTOS2560.o
                0x00800212                echopin_1
 .data.trigpin_1
                0x00800214        0x2 FreeRTOS2560.o
                0x00800214                trigpin_1
 .data.flexpin  0x00800216        0x2 FreeRTOS2560.o
                0x00800216                flexpin
 .data.xNextTaskUnblockTime
                0x00800218        0x2 tasks.o
 .data.analog_reference
                0x0080021a        0x1 ../../../arduinolib/arduinolib/Debug\libarduinolib.a(wiring_analog.o)
                0x0080021a                analog_reference
 *(.rodata)
 *(.rodata*)
 .rodata.str1.1
                0x0080021b       0x55 FreeRTOS2560.o
 .rodata.str1.1
                0x00800270        0x5 tasks.o
 .rodata._ZTV14HardwareSerial
                0x00800275       0x10 ../../../arduinolib/arduinolib/Debug\libarduinolib.a(HardwareSerial.o)
                0x00800275                _ZTV14HardwareSerial
 *(.gnu.linkonce.d*)
                0x00800286                . = ALIGN (0x2)
 *fill*         0x00800285        0x1 
                0x00800286                _edata = .
                0x00800286                PROVIDE (__data_end, .)

.bss            0x00800286      0xa36
                0x00800286                PROVIDE (__bss_start, .)
 *(.bss)
 *(.bss*)
 .bss.naviRdy   0x00800286        0x1 FreeRTOS2560.o
                0x00800286                naviRdy
 .bss.deviceRdy
                0x00800287        0x1 FreeRTOS2560.o
                0x00800287                deviceRdy
 .bss.handStatus
                0x00800288        0x1 FreeRTOS2560.o
                0x00800288                handStatus
 .bss.RxQ       0x00800289       0x7e FreeRTOS2560.o
                0x00800289                RxQ
 .bss.xbee      0x00800307        0x1 FreeRTOS2560.o
                0x00800307                xbee
 .bss.distance_2
                0x00800308        0x4 FreeRTOS2560.o
                0x00800308                distance_2
 .bss.distance_1
                0x0080030c        0x4 FreeRTOS2560.o
                0x0080030c                distance_1
 .bss.microsec_2
                0x00800310        0x4 FreeRTOS2560.o
                0x00800310                microsec_2
 .bss.microsec_1
                0x00800314        0x4 FreeRTOS2560.o
                0x00800314                microsec_1
 .bss.ultrasonic_2
                0x00800318        0xc FreeRTOS2560.o
                0x00800318                ultrasonic_2
 .bss.ultrasonic_1
                0x00800324        0xc FreeRTOS2560.o
                0x00800324                ultrasonic_1
 .bss.counterForFlex
                0x00800330        0x4 FreeRTOS2560.o
                0x00800330                counterForFlex
 .bss.pucAlignedHeap.1682
                0x00800334        0x2 heap_1.o
 .bss.ucHeap    0x00800336      0x5dc heap_1.o
 .bss.xNextFreeByte
                0x00800912        0x2 heap_1.o
 .bss.ServoCount
                0x00800914        0x1 Servo.o
                0x00800914                ServoCount
 .bss._ZL7Channel
                0x00800915        0x4 Servo.o
 .bss._ZL6servos
                0x00800919       0x90 Servo.o
 .bss.uxSchedulerSuspended
                0x008009a9        0x1 tasks.o
 .bss.xNumOfOverflows
                0x008009aa        0x1 tasks.o
 .bss.xYieldPending
                0x008009ab        0x1 tasks.o
 .bss.uxPendedTicks
                0x008009ac        0x1 tasks.o
 .bss.xSchedulerRunning
                0x008009ad        0x1 tasks.o
 .bss.uxTopReadyPriority
                0x008009ae        0x1 tasks.o
 .bss.xTickCount
                0x008009af        0x2 tasks.o
 .bss.uxCurrentNumberOfTasks
                0x008009b1        0x1 tasks.o
 .bss.uxTasksDeleted
                0x008009b2        0x1 tasks.o
 .bss.pxOverflowDelayedTaskList
                0x008009b3        0x2 tasks.o
 .bss.pxDelayedTaskList
                0x008009b5        0x2 tasks.o
 .bss.pxCurrentTCB
                0x008009b7        0x2 tasks.o
                0x008009b7                pxCurrentTCB
 .bss.uxTaskNumber
                0x008009b9        0x1 tasks.o
 .bss.pxReadyTasksLists
                0x008009ba       0x24 tasks.o
 .bss.xDelayedTaskList1
                0x008009de        0x9 tasks.o
 .bss.xDelayedTaskList2
                0x008009e7        0x9 tasks.o
 .bss.xPendingReadyList
                0x008009f0        0x9 tasks.o
 .bss.xTasksWaitingTermination
                0x008009f9        0x9 tasks.o
 .bss.xSuspendedTaskList
                0x00800a02        0x9 tasks.o
 .bss.Serial3   0x00800a0b       0x22 ../../../arduinolib/arduinolib/Debug\libarduinolib.a(HardwareSerial.o)
                0x00800a0b                Serial3
 .bss.Serial2   0x00800a2d       0x22 ../../../arduinolib/arduinolib/Debug\libarduinolib.a(HardwareSerial.o)
                0x00800a2d                Serial2
 .bss.Serial1   0x00800a4f       0x22 ../../../arduinolib/arduinolib/Debug\libarduinolib.a(HardwareSerial.o)
                0x00800a4f                Serial1
 .bss.Serial    0x00800a71       0x22 ../../../arduinolib/arduinolib/Debug\libarduinolib.a(HardwareSerial.o)
                0x00800a71                Serial
 .bss.tx_buffer3
                0x00800a93       0x44 ../../../arduinolib/arduinolib/Debug\libarduinolib.a(HardwareSerial.o)
                0x00800a93                tx_buffer3
 .bss.rx_buffer3
                0x00800ad7       0x44 ../../../arduinolib/arduinolib/Debug\libarduinolib.a(HardwareSerial.o)
                0x00800ad7                rx_buffer3
 .bss.tx_buffer2
                0x00800b1b       0x44 ../../../arduinolib/arduinolib/Debug\libarduinolib.a(HardwareSerial.o)
                0x00800b1b                tx_buffer2
 .bss.rx_buffer2
                0x00800b5f       0x44 ../../../arduinolib/arduinolib/Debug\libarduinolib.a(HardwareSerial.o)
                0x00800b5f                rx_buffer2
 .bss.tx_buffer1
                0x00800ba3       0x44 ../../../arduinolib/arduinolib/Debug\libarduinolib.a(HardwareSerial.o)
                0x00800ba3                tx_buffer1
 .bss.rx_buffer1
                0x00800be7       0x44 ../../../arduinolib/arduinolib/Debug\libarduinolib.a(HardwareSerial.o)
                0x00800be7                rx_buffer1
 .bss.tx_buffer
                0x00800c2b       0x44 ../../../arduinolib/arduinolib/Debug\libarduinolib.a(HardwareSerial.o)
                0x00800c2b                tx_buffer
 .bss.rx_buffer
                0x00800c6f       0x44 ../../../arduinolib/arduinolib/Debug\libarduinolib.a(HardwareSerial.o)
                0x00800c6f                rx_buffer
 .bss.timer0_millis
                0x00800cb3        0x4 ../../../arduinolib/arduinolib/Debug\libarduinolib.a(wiring.o)
                0x00800cb3                timer0_millis
 .bss.timer0_overflow_count
                0x00800cb7        0x4 ../../../arduinolib/arduinolib/Debug\libarduinolib.a(wiring.o)
                0x00800cb7                timer0_overflow_count
 .bss.timer0_fract
                0x00800cbb        0x1 ../../../arduinolib/arduinolib/Debug\libarduinolib.a(wiring.o)
 *(COMMON)
                0x00800cbc                PROVIDE (__bss_end, .)
                0x00003602                __data_load_start = LOADADDR (.data)
                0x00003688                __data_load_end = (__data_load_start + SIZEOF (.data))

.noinit         0x00800cbc        0x0
                0x00800cbc                PROVIDE (__noinit_start, .)
 *(.noinit*)
                0x00800cbc                PROVIDE (__noinit_end, .)
                0x00800cbc                _end = .
                0x00800cbc                PROVIDE (__heap_start, .)

.eeprom         0x00810000        0x0
 *(.eeprom*)
                0x00810000                __eeprom_end = .

.fuse
 *(.fuse)
 *(.lfuse)
 *(.hfuse)
 *(.efuse)

.lock
 *(.lock*)

.signature
 *(.signature*)

.user_signatures
 *(.user_signatures*)

.stab           0x00000000     0x25b0
 *(.stab)
 .stab          0x00000000      0x6e4 c:/program files (x86)/atmel/atmel toolchain/avr8 gcc/native/3.4.2.1002/avr8-gnu-toolchain/bin/../lib/gcc/avr/4.7.2/../../../../avr/lib/avr6/crtm2560.o
 .stab          0x000006e4       0x90 c:/program files (x86)/atmel/atmel toolchain/avr8 gcc/native/3.4.2.1002/avr8-gnu-toolchain/bin/../lib/gcc/avr/4.7.2/../../../../avr/lib/avr6\libm.a(cmpsf2.o)
                                 0x9c (size before relaxing)
 .stab          0x00000774       0x48 c:/program files (x86)/atmel/atmel toolchain/avr8 gcc/native/3.4.2.1002/avr8-gnu-toolchain/bin/../lib/gcc/avr/4.7.2/../../../../avr/lib/avr6\libm.a(divsf3.o)
                                 0x54 (size before relaxing)
 .stab          0x000007bc      0x510 c:/program files (x86)/atmel/atmel toolchain/avr8 gcc/native/3.4.2.1002/avr8-gnu-toolchain/bin/../lib/gcc/avr/4.7.2/../../../../avr/lib/avr6\libm.a(divsf3x.o)
                                0x51c (size before relaxing)
 .stab          0x00000ccc      0x318 c:/program files (x86)/atmel/atmel toolchain/avr8 gcc/native/3.4.2.1002/avr8-gnu-toolchain/bin/../lib/gcc/avr/4.7.2/../../../../avr/lib/avr6\libm.a(floatsisf.o)
                                0x324 (size before relaxing)
 .stab          0x00000fe4      0x1e0 c:/program files (x86)/atmel/atmel toolchain/avr8 gcc/native/3.4.2.1002/avr8-gnu-toolchain/bin/../lib/gcc/avr/4.7.2/../../../../avr/lib/avr6\libm.a(fp_cmp.o)
                                0x1ec (size before relaxing)
 .stab          0x000011c4       0x78 c:/program files (x86)/atmel/atmel toolchain/avr8 gcc/native/3.4.2.1002/avr8-gnu-toolchain/bin/../lib/gcc/avr/4.7.2/../../../../avr/lib/avr6\libm.a(fp_inf.o)
                                 0x84 (size before relaxing)
 .stab          0x0000123c       0x54 c:/program files (x86)/atmel/atmel toolchain/avr8 gcc/native/3.4.2.1002/avr8-gnu-toolchain/bin/../lib/gcc/avr/4.7.2/../../../../avr/lib/avr6\libm.a(fp_nan.o)
                                 0x60 (size before relaxing)
 .stab          0x00001290       0x84 c:/program files (x86)/atmel/atmel toolchain/avr8 gcc/native/3.4.2.1002/avr8-gnu-toolchain/bin/../lib/gcc/avr/4.7.2/../../../../avr/lib/avr6\libm.a(fp_pscA.o)
                                 0x90 (size before relaxing)
 .stab          0x00001314       0x84 c:/program files (x86)/atmel/atmel toolchain/avr8 gcc/native/3.4.2.1002/avr8-gnu-toolchain/bin/../lib/gcc/avr/4.7.2/../../../../avr/lib/avr6\libm.a(fp_pscB.o)
                                 0x90 (size before relaxing)
 .stab          0x00001398       0xfc c:/program files (x86)/atmel/atmel toolchain/avr8 gcc/native/3.4.2.1002/avr8-gnu-toolchain/bin/../lib/gcc/avr/4.7.2/../../../../avr/lib/avr6\libm.a(fp_round.o)
                                0x108 (size before relaxing)
 .stab          0x00001494      0x1d4 c:/program files (x86)/atmel/atmel toolchain/avr8 gcc/native/3.4.2.1002/avr8-gnu-toolchain/bin/../lib/gcc/avr/4.7.2/../../../../avr/lib/avr6\libm.a(fp_split3.o)
                                0x1e0 (size before relaxing)
 .stab          0x00001668       0x90 c:/program files (x86)/atmel/atmel toolchain/avr8 gcc/native/3.4.2.1002/avr8-gnu-toolchain/bin/../lib/gcc/avr/4.7.2/../../../../avr/lib/avr6\libm.a(fp_zero.o)
                                 0x9c (size before relaxing)
 .stab          0x000016f8       0x6c c:/program files (x86)/atmel/atmel toolchain/avr8 gcc/native/3.4.2.1002/avr8-gnu-toolchain/bin/../lib/gcc/avr/4.7.2/../../../../avr/lib/avr6\libm.a(gesf2.o)
                                 0x78 (size before relaxing)
 .stab          0x00001764       0x48 c:/program files (x86)/atmel/atmel toolchain/avr8 gcc/native/3.4.2.1002/avr8-gnu-toolchain/bin/../lib/gcc/avr/4.7.2/../../../../avr/lib/avr6\libm.a(mulsf3.o)
                                 0x54 (size before relaxing)
 .stab          0x000017ac      0x4d4 c:/program files (x86)/atmel/atmel toolchain/avr8 gcc/native/3.4.2.1002/avr8-gnu-toolchain/bin/../lib/gcc/avr/4.7.2/../../../../avr/lib/avr6\libm.a(mulsf3x.o)
                                0x4e0 (size before relaxing)
 .stab          0x00001c80       0x78 c:/program files (x86)/atmel/atmel toolchain/avr8 gcc/native/3.4.2.1002/avr8-gnu-toolchain/bin/../lib/gcc/avr/4.7.2/../../../../avr/lib/avr6\libm.a(addsf3.o)
                                 0x84 (size before relaxing)
 .stab          0x00001cf8      0x4bc c:/program files (x86)/atmel/atmel toolchain/avr8 gcc/native/3.4.2.1002/avr8-gnu-toolchain/bin/../lib/gcc/avr/4.7.2/../../../../avr/lib/avr6\libm.a(addsf3x.o)
                                0x4c8 (size before relaxing)
 .stab          0x000021b4       0x6c c:/program files (x86)/atmel/atmel toolchain/avr8 gcc/native/3.4.2.1002/avr8-gnu-toolchain/bin/../lib/gcc/avr/4.7.2/../../../../avr/lib/avr6\libm.a(fixsfsi.o)
                                 0x78 (size before relaxing)
 .stab          0x00002220      0x240 c:/program files (x86)/atmel/atmel toolchain/avr8 gcc/native/3.4.2.1002/avr8-gnu-toolchain/bin/../lib/gcc/avr/4.7.2/../../../../avr/lib/avr6\libm.a(fixunssfsi.o)
                                0x24c (size before relaxing)
 .stab          0x00002460       0x60 c:/program files (x86)/atmel/atmel toolchain/avr8 gcc/native/3.4.2.1002/avr8-gnu-toolchain/bin/../lib/gcc/avr/4.7.2/../../../../avr/lib/avr6\libm.a(unordsf2.o)
                                 0x6c (size before relaxing)
 .stab          0x000024c0       0x84 c:/program files (x86)/atmel/atmel toolchain/avr8 gcc/native/3.4.2.1002/avr8-gnu-toolchain/bin/../lib/gcc/avr/4.7.2/../../../../avr/lib/avr6\libc.a(memcpy.o)
                                 0x90 (size before relaxing)
 .stab          0x00002544       0x6c c:/program files (x86)/atmel/atmel toolchain/avr8 gcc/native/3.4.2.1002/avr8-gnu-toolchain/bin/../lib/gcc/avr/4.7.2/../../../../avr/lib/avr6\libc.a(memset.o)
                                 0x78 (size before relaxing)

.stabstr        0x00000000      0xa8f
 *(.stabstr)
 .stabstr       0x00000000      0xa8f c:/program files (x86)/atmel/atmel toolchain/avr8 gcc/native/3.4.2.1002/avr8-gnu-toolchain/bin/../lib/gcc/avr/4.7.2/../../../../avr/lib/avr6/crtm2560.o

.stab.excl
 *(.stab.excl)

.stab.exclstr
 *(.stab.exclstr)

.stab.index
 *(.stab.index)

.stab.indexstr
 *(.stab.indexstr)

.comment        0x00000000       0x2f
 *(.comment)
 .comment       0x00000000       0x2f delay.o
                                 0x30 (size before relaxing)
 .comment       0x00000000       0x30 FreeRTOS2560.o
 .comment       0x00000000       0x30 heap_1.o
 .comment       0x00000000       0x30 list.o
 .comment       0x00000000       0x30 microsmooth.o
 .comment       0x00000000       0x30 port.o
 .comment       0x00000000       0x30 que.o
 .comment       0x00000000       0x30 queue.o
 .comment       0x00000000       0x30 Servo.o
 .comment       0x00000000       0x30 tasks.o
 .comment       0x00000000       0x30 Ultrasonic.o
 .comment       0x00000000       0x30 XBee.o
 .comment       0x00000000       0x30 ../../../arduinolib/arduinolib/Debug\libarduinolib.a(HardwareSerial.o)
 .comment       0x00000000       0x30 ../../../arduinolib/arduinolib/Debug\libarduinolib.a(new.o)
 .comment       0x00000000       0x30 ../../../arduinolib/arduinolib/Debug\libarduinolib.a(Print.o)
 .comment       0x00000000       0x30 ../../../arduinolib/arduinolib/Debug\libarduinolib.a(wiring.o)
 .comment       0x00000000       0x30 ../../../arduinolib/arduinolib/Debug\libarduinolib.a(wiring_analog.o)
 .comment       0x00000000       0x30 ../../../arduinolib/arduinolib/Debug\libarduinolib.a(wiring_digital.o)
 .comment       0x00000000       0x30 ../../../arduinolib/arduinolib/Debug\libarduinolib.a(wiring_pulse.o)
 .comment       0x00000000       0x30 ../../../arduinolib/arduinolib/Debug\libarduinolib.a(WMath.o)
 .comment       0x00000000       0x30 c:/program files (x86)/atmel/atmel toolchain/avr8 gcc/native/3.4.2.1002/avr8-gnu-toolchain/bin/../lib/gcc/avr/4.7.2/../../../../avr/lib/avr6\libc.a(calloc.o)
 .comment       0x00000000       0x30 c:/program files (x86)/atmel/atmel toolchain/avr8 gcc/native/3.4.2.1002/avr8-gnu-toolchain/bin/../lib/gcc/avr/4.7.2/../../../../avr/lib/avr6\libc.a(malloc.o)
 .comment       0x00000000       0x30 c:/program files (x86)/atmel/atmel toolchain/avr8 gcc/native/3.4.2.1002/avr8-gnu-toolchain/bin/../lib/gcc/avr/4.7.2/../../../../avr/lib/avr6\libc.a(random.o)

.debug
 *(.debug)

.line
 *(.line)

.debug_srcinfo
 *(.debug_srcinfo)

.debug_sfnames
 *(.debug_sfnames)

.debug_aranges  0x00000000      0x858
 *(.debug_aranges)
 .debug_aranges
                0x00000000       0x38 delay.o
 .debug_aranges
                0x00000038       0x68 FreeRTOS2560.o
 .debug_aranges
                0x000000a0       0x38 heap_1.o
 .debug_aranges
                0x000000d8       0x40 list.o
 .debug_aranges
                0x00000118       0x68 microsmooth.o
 .debug_aranges
                0x00000180       0x48 port.o
 .debug_aranges
                0x000001c8       0x58 que.o
 .debug_aranges
                0x00000220       0x98 queue.o
 .debug_aranges
                0x000002b8       0x88 Servo.o
 .debug_aranges
                0x00000340       0xf8 tasks.o
 .debug_aranges
                0x00000438       0x38 Ultrasonic.o
 .debug_aranges
                0x00000470       0x38 XBee.o
 .debug_aranges
                0x000004a8       0xd8 ../../../arduinolib/arduinolib/Debug\libarduinolib.a(HardwareSerial.o)
 .debug_aranges
                0x00000580       0x58 ../../../arduinolib/arduinolib/Debug\libarduinolib.a(new.o)
 .debug_aranges
                0x000005d8       0xe8 ../../../arduinolib/arduinolib/Debug\libarduinolib.a(Print.o)
 .debug_aranges
                0x000006c0       0x48 ../../../arduinolib/arduinolib/Debug\libarduinolib.a(wiring.o)
 .debug_aranges
                0x00000708       0x30 ../../../arduinolib/arduinolib/Debug\libarduinolib.a(wiring_analog.o)
 .debug_aranges
                0x00000738       0x38 ../../../arduinolib/arduinolib/Debug\libarduinolib.a(wiring_digital.o)
 .debug_aranges
                0x00000770       0x20 ../../../arduinolib/arduinolib/Debug\libarduinolib.a(wiring_pulse.o)
 .debug_aranges
                0x00000790       0x48 ../../../arduinolib/arduinolib/Debug\libarduinolib.a(WMath.o)
 .debug_aranges
                0x000007d8       0x20 c:/program files (x86)/atmel/atmel toolchain/avr8 gcc/native/3.4.2.1002/avr8-gnu-toolchain/bin/../lib/gcc/avr/4.7.2/../../../../avr/lib/avr6\libc.a(calloc.o)
 .debug_aranges
                0x000007f8       0x28 c:/program files (x86)/atmel/atmel toolchain/avr8 gcc/native/3.4.2.1002/avr8-gnu-toolchain/bin/../lib/gcc/avr/4.7.2/../../../../avr/lib/avr6\libc.a(malloc.o)
 .debug_aranges
                0x00000820       0x38 c:/program files (x86)/atmel/atmel toolchain/avr8 gcc/native/3.4.2.1002/avr8-gnu-toolchain/bin/../lib/gcc/avr/4.7.2/../../../../avr/lib/avr6\libc.a(random.o)

.debug_pubnames
 *(.debug_pubnames)

.debug_info     0x00000000     0xc394
 *(.debug_info)
 .debug_info    0x00000000      0x3d7 delay.o
 .debug_info    0x000003d7     0x1441 FreeRTOS2560.o
 .debug_info    0x00001818      0x1ad heap_1.o
 .debug_info    0x000019c5      0x2c6 list.o
 .debug_info    0x00001c8b      0x7fd microsmooth.o
 .debug_info    0x00002488      0x202 port.o
 .debug_info    0x0000268a      0x54d que.o
 .debug_info    0x00002bd7      0xf2b queue.o
 .debug_info    0x00003b02      0xa28 Servo.o
 .debug_info    0x0000452a     0x15f9 tasks.o
 .debug_info    0x00005b23      0x4e2 Ultrasonic.o
 .debug_info    0x00006005      0x4ed XBee.o
 .debug_info    0x000064f2     0x2178 ../../../arduinolib/arduinolib/Debug\libarduinolib.a(HardwareSerial.o)
 .debug_info    0x0000866a      0x230 ../../../arduinolib/arduinolib/Debug\libarduinolib.a(new.o)
 .debug_info    0x0000889a     0x24af ../../../arduinolib/arduinolib/Debug\libarduinolib.a(Print.o)
 .debug_info    0x0000ad49      0x2fc ../../../arduinolib/arduinolib/Debug\libarduinolib.a(wiring.o)
 .debug_info    0x0000b045      0x32e ../../../arduinolib/arduinolib/Debug\libarduinolib.a(wiring_analog.o)
 .debug_info    0x0000b373      0x61e ../../../arduinolib/arduinolib/Debug\libarduinolib.a(wiring_digital.o)
 .debug_info    0x0000b991      0x32f ../../../arduinolib/arduinolib/Debug\libarduinolib.a(wiring_pulse.o)
 .debug_info    0x0000bcc0      0x22d ../../../arduinolib/arduinolib/Debug\libarduinolib.a(WMath.o)
 .debug_info    0x0000beed      0x10b c:/program files (x86)/atmel/atmel toolchain/avr8 gcc/native/3.4.2.1002/avr8-gnu-toolchain/bin/../lib/gcc/avr/4.7.2/../../../../avr/lib/avr6\libc.a(calloc.o)
 .debug_info    0x0000bff8      0x23d c:/program files (x86)/atmel/atmel toolchain/avr8 gcc/native/3.4.2.1002/avr8-gnu-toolchain/bin/../lib/gcc/avr/4.7.2/../../../../avr/lib/avr6\libc.a(malloc.o)
 .debug_info    0x0000c235      0x15f c:/program files (x86)/atmel/atmel toolchain/avr8 gcc/native/3.4.2.1002/avr8-gnu-toolchain/bin/../lib/gcc/avr/4.7.2/../../../../avr/lib/avr6\libc.a(random.o)
 *(.gnu.linkonce.wi.*)

.debug_abbrev   0x00000000     0x2cf6
 *(.debug_abbrev)
 .debug_abbrev  0x00000000      0x181 delay.o
 .debug_abbrev  0x00000181      0x422 FreeRTOS2560.o
 .debug_abbrev  0x000005a3      0x12e heap_1.o
 .debug_abbrev  0x000006d1       0xf8 list.o
 .debug_abbrev  0x000007c9      0x274 microsmooth.o
 .debug_abbrev  0x00000a3d      0x13d port.o
 .debug_abbrev  0x00000b7a      0x1c8 que.o
 .debug_abbrev  0x00000d42      0x2a5 queue.o
 .debug_abbrev  0x00000fe7      0x373 Servo.o
 .debug_abbrev  0x0000135a      0x325 tasks.o
 .debug_abbrev  0x0000167f      0x1f8 Ultrasonic.o
 .debug_abbrev  0x00001877      0x19a XBee.o
 .debug_abbrev  0x00001a11      0x54c ../../../arduinolib/arduinolib/Debug\libarduinolib.a(HardwareSerial.o)
 .debug_abbrev  0x00001f5d      0x13f ../../../arduinolib/arduinolib/Debug\libarduinolib.a(new.o)
 .debug_abbrev  0x0000209c      0x374 ../../../arduinolib/arduinolib/Debug\libarduinolib.a(Print.o)
 .debug_abbrev  0x00002410      0x125 ../../../arduinolib/arduinolib/Debug\libarduinolib.a(wiring.o)
 .debug_abbrev  0x00002535      0x183 ../../../arduinolib/arduinolib/Debug\libarduinolib.a(wiring_analog.o)
 .debug_abbrev  0x000026b8      0x167 ../../../arduinolib/arduinolib/Debug\libarduinolib.a(wiring_digital.o)
 .debug_abbrev  0x0000281f       0xfd ../../../arduinolib/arduinolib/Debug\libarduinolib.a(wiring_pulse.o)
 .debug_abbrev  0x0000291c      0x13d ../../../arduinolib/arduinolib/Debug\libarduinolib.a(WMath.o)
 .debug_abbrev  0x00002a59       0xcb c:/program files (x86)/atmel/atmel toolchain/avr8 gcc/native/3.4.2.1002/avr8-gnu-toolchain/bin/../lib/gcc/avr/4.7.2/../../../../avr/lib/avr6\libc.a(calloc.o)
 .debug_abbrev  0x00002b24       0xf9 c:/program files (x86)/atmel/atmel toolchain/avr8 gcc/native/3.4.2.1002/avr8-gnu-toolchain/bin/../lib/gcc/avr/4.7.2/../../../../avr/lib/avr6\libc.a(malloc.o)
 .debug_abbrev  0x00002c1d       0xd9 c:/program files (x86)/atmel/atmel toolchain/avr8 gcc/native/3.4.2.1002/avr8-gnu-toolchain/bin/../lib/gcc/avr/4.7.2/../../../../avr/lib/avr6\libc.a(random.o)

.debug_line     0x00000000     0x55c6
 *(.debug_line)
 .debug_line    0x00000000      0x2d2 delay.o
 .debug_line    0x000002d2      0x745 FreeRTOS2560.o
 .debug_line    0x00000a17      0x1fc heap_1.o
 .debug_line    0x00000c13      0x201 list.o
 .debug_line    0x00000e14      0x551 microsmooth.o
 .debug_line    0x00001365      0x2d0 port.o
 .debug_line    0x00001635      0x261 que.o
 .debug_line    0x00001896      0x7b8 queue.o
 .debug_line    0x0000204e      0x572 Servo.o
 .debug_line    0x000025c0      0xb94 tasks.o
 .debug_line    0x00003154      0x269 Ultrasonic.o
 .debug_line    0x000033bd      0x21a XBee.o
 .debug_line    0x000035d7      0x75e ../../../arduinolib/arduinolib/Debug\libarduinolib.a(HardwareSerial.o)
 .debug_line    0x00003d35      0x252 ../../../arduinolib/arduinolib/Debug\libarduinolib.a(new.o)
 .debug_line    0x00003f87      0x6eb ../../../arduinolib/arduinolib/Debug\libarduinolib.a(Print.o)
 .debug_line    0x00004672      0x2be ../../../arduinolib/arduinolib/Debug\libarduinolib.a(wiring.o)
 .debug_line    0x00004930      0x2b6 ../../../arduinolib/arduinolib/Debug\libarduinolib.a(wiring_analog.o)
 .debug_line    0x00004be6      0x29a ../../../arduinolib/arduinolib/Debug\libarduinolib.a(wiring_digital.o)
 .debug_line    0x00004e80      0x198 ../../../arduinolib/arduinolib/Debug\libarduinolib.a(wiring_pulse.o)
 .debug_line    0x00005018      0x178 ../../../arduinolib/arduinolib/Debug\libarduinolib.a(WMath.o)
 .debug_line    0x00005190      0x185 c:/program files (x86)/atmel/atmel toolchain/avr8 gcc/native/3.4.2.1002/avr8-gnu-toolchain/bin/../lib/gcc/avr/4.7.2/../../../../avr/lib/avr6\libc.a(calloc.o)
 .debug_line    0x00005315      0x20e c:/program files (x86)/atmel/atmel toolchain/avr8 gcc/native/3.4.2.1002/avr8-gnu-toolchain/bin/../lib/gcc/avr/4.7.2/../../../../avr/lib/avr6\libc.a(malloc.o)
 .debug_line    0x00005523       0xa3 c:/program files (x86)/atmel/atmel toolchain/avr8 gcc/native/3.4.2.1002/avr8-gnu-toolchain/bin/../lib/gcc/avr/4.7.2/../../../../avr/lib/avr6\libc.a(random.o)

.debug_frame    0x00000000     0x1cf4
 *(.debug_frame)
 .debug_frame   0x00000000       0xb0 delay.o
 .debug_frame   0x000000b0      0x140 FreeRTOS2560.o
 .debug_frame   0x000001f0       0x60 heap_1.o
 .debug_frame   0x00000250       0x88 list.o
 .debug_frame   0x000002d8      0x1e8 microsmooth.o
 .debug_frame   0x000004c0       0x74 port.o
 .debug_frame   0x00000534      0x158 que.o
 .debug_frame   0x0000068c      0x220 queue.o
 .debug_frame   0x000008ac      0x2c8 Servo.o
 .debug_frame   0x00000b74      0x358 tasks.o
 .debug_frame   0x00000ecc       0x8c Ultrasonic.o
 .debug_frame   0x00000f58       0xbc XBee.o
 .debug_frame   0x00001014      0x460 ../../../arduinolib/arduinolib/Debug\libarduinolib.a(HardwareSerial.o)
 .debug_frame   0x00001474       0x94 ../../../arduinolib/arduinolib/Debug\libarduinolib.a(new.o)
 .debug_frame   0x00001508      0x3b8 ../../../arduinolib/arduinolib/Debug\libarduinolib.a(Print.o)
 .debug_frame   0x000018c0       0xd4 ../../../arduinolib/arduinolib/Debug\libarduinolib.a(wiring.o)
 .debug_frame   0x00001994       0x54 ../../../arduinolib/arduinolib/Debug\libarduinolib.a(wiring_analog.o)
 .debug_frame   0x000019e8       0x7c ../../../arduinolib/arduinolib/Debug\libarduinolib.a(wiring_digital.o)
 .debug_frame   0x00001a64       0x74 ../../../arduinolib/arduinolib/Debug\libarduinolib.a(wiring_pulse.o)
 .debug_frame   0x00001ad8       0xf4 ../../../arduinolib/arduinolib/Debug\libarduinolib.a(WMath.o)
 .debug_frame   0x00001bcc       0x38 c:/program files (x86)/atmel/atmel toolchain/avr8 gcc/native/3.4.2.1002/avr8-gnu-toolchain/bin/../lib/gcc/avr/4.7.2/../../../../avr/lib/avr6\libc.a(calloc.o)
 .debug_frame   0x00001c04       0x68 c:/program files (x86)/atmel/atmel toolchain/avr8 gcc/native/3.4.2.1002/avr8-gnu-toolchain/bin/../lib/gcc/avr/4.7.2/../../../../avr/lib/avr6\libc.a(malloc.o)
 .debug_frame   0x00001c6c       0x88 c:/program files (x86)/atmel/atmel toolchain/avr8 gcc/native/3.4.2.1002/avr8-gnu-toolchain/bin/../lib/gcc/avr/4.7.2/../../../../avr/lib/avr6\libc.a(random.o)

.debug_str      0x00000000     0x2fca
 *(.debug_str)
 .debug_str     0x00000000      0x1d0 delay.o
                                0x228 (size before relaxing)
 .debug_str     0x000001d0      0x673 FreeRTOS2560.o
                                0x80c (size before relaxing)
 .debug_str     0x00000843       0xb4 heap_1.o
                                0x196 (size before relaxing)
 .debug_str     0x000008f7      0x129 list.o
                                0x211 (size before relaxing)
 .debug_str     0x00000a20      0x260 microsmooth.o
                                0x38a (size before relaxing)
 .debug_str     0x00000c80       0xda port.o
                                0x1dc (size before relaxing)
 .debug_str     0x00000d5a       0x3c que.o
                                0x1ca (size before relaxing)
 .debug_str     0x00000d96      0x3d0 queue.o
                                0x5f0 (size before relaxing)
 .debug_str     0x00001166      0x238 Servo.o
                                0x38a (size before relaxing)
 .debug_str     0x0000139e      0x4ef tasks.o
                                0x933 (size before relaxing)
 .debug_str     0x0000188d       0x53 Ultrasonic.o
                                0x20f (size before relaxing)
 .debug_str     0x000018e0       0x5f XBee.o
                                0x1b2 (size before relaxing)
 .debug_str     0x0000193f      0xeb6 ../../../arduinolib/arduinolib/Debug\libarduinolib.a(HardwareSerial.o)
                               0x10ff (size before relaxing)
 .debug_str     0x000027f5       0x98 ../../../arduinolib/arduinolib/Debug\libarduinolib.a(new.o)
                                0x14c (size before relaxing)
 .debug_str     0x0000288d      0x33c ../../../arduinolib/arduinolib/Debug\libarduinolib.a(Print.o)
                                0xd73 (size before relaxing)
 .debug_str     0x00002bc9       0x51 ../../../arduinolib/arduinolib/Debug\libarduinolib.a(wiring.o)
                                0x15d (size before relaxing)
 .debug_str     0x00002c1a       0x65 ../../../arduinolib/arduinolib/Debug\libarduinolib.a(wiring_analog.o)
                                0x170 (size before relaxing)
 .debug_str     0x00002c7f       0x9c ../../../arduinolib/arduinolib/Debug\libarduinolib.a(wiring_digital.o)
                                0x1d1 (size before relaxing)
 .debug_str     0x00002d1b       0x36 ../../../arduinolib/arduinolib/Debug\libarduinolib.a(wiring_pulse.o)
                                0x182 (size before relaxing)
 .debug_str     0x00002d51       0xa5 ../../../arduinolib/arduinolib/Debug\libarduinolib.a(WMath.o)
                                0x142 (size before relaxing)
 .debug_str     0x00002df6       0x70 c:/program files (x86)/atmel/atmel toolchain/avr8 gcc/native/3.4.2.1002/avr8-gnu-toolchain/bin/../lib/gcc/avr/4.7.2/../../../../avr/lib/avr6\libc.a(calloc.o)
                                 0xb5 (size before relaxing)
 .debug_str     0x00002e66       0xe8 c:/program files (x86)/atmel/atmel toolchain/avr8 gcc/native/3.4.2.1002/avr8-gnu-toolchain/bin/../lib/gcc/avr/4.7.2/../../../../avr/lib/avr6\libc.a(malloc.o)
                                0x17c (size before relaxing)
 .debug_str     0x00002f4e       0x7c c:/program files (x86)/atmel/atmel toolchain/avr8 gcc/native/3.4.2.1002/avr8-gnu-toolchain/bin/../lib/gcc/avr/4.7.2/../../../../avr/lib/avr6\libc.a(random.o)
                                 0xc4 (size before relaxing)

.debug_loc      0x00000000     0x9b1b
 *(.debug_loc)
 .debug_loc     0x00000000      0x265 delay.o
 .debug_loc     0x00000265      0x56b FreeRTOS2560.o
 .debug_loc     0x000007d0       0xe1 heap_1.o
 .debug_loc     0x000008b1      0x151 list.o
 .debug_loc     0x00000a02      0xb35 microsmooth.o
 .debug_loc     0x00001537      0x4fb port.o
 .debug_loc     0x00001a32      0x748 que.o
 .debug_loc     0x0000217a      0xe57 queue.o
 .debug_loc     0x00002fd1      0x955 Servo.o
 .debug_loc     0x00003926     0x129a tasks.o
 .debug_loc     0x00004bc0      0x263 Ultrasonic.o
 .debug_loc     0x00004e23      0x779 XBee.o
 .debug_loc     0x0000559c      0xe00 ../../../arduinolib/arduinolib/Debug\libarduinolib.a(HardwareSerial.o)
 .debug_loc     0x0000639c       0xc0 ../../../arduinolib/arduinolib/Debug\libarduinolib.a(new.o)
 .debug_loc     0x0000645c     0x1b66 ../../../arduinolib/arduinolib/Debug\libarduinolib.a(Print.o)
 .debug_loc     0x00007fc2      0x307 ../../../arduinolib/arduinolib/Debug\libarduinolib.a(wiring.o)
 .debug_loc     0x000082c9      0x194 ../../../arduinolib/arduinolib/Debug\libarduinolib.a(wiring_analog.o)
 .debug_loc     0x0000845d      0x712 ../../../arduinolib/arduinolib/Debug\libarduinolib.a(wiring_digital.o)
 .debug_loc     0x00008b6f      0x473 ../../../arduinolib/arduinolib/Debug\libarduinolib.a(wiring_pulse.o)
 .debug_loc     0x00008fe2      0x39c ../../../arduinolib/arduinolib/Debug\libarduinolib.a(WMath.o)
 .debug_loc     0x0000937e       0xbd c:/program files (x86)/atmel/atmel toolchain/avr8 gcc/native/3.4.2.1002/avr8-gnu-toolchain/bin/../lib/gcc/avr/4.7.2/../../../../avr/lib/avr6\libc.a(calloc.o)
 .debug_loc     0x0000943b      0x4f8 c:/program files (x86)/atmel/atmel toolchain/avr8 gcc/native/3.4.2.1002/avr8-gnu-toolchain/bin/../lib/gcc/avr/4.7.2/../../../../avr/lib/avr6\libc.a(malloc.o)
 .debug_loc     0x00009933      0x1e8 c:/program files (x86)/atmel/atmel toolchain/avr8 gcc/native/3.4.2.1002/avr8-gnu-toolchain/bin/../lib/gcc/avr/4.7.2/../../../../avr/lib/avr6\libc.a(random.o)

.debug_macinfo
 *(.debug_macinfo)

.debug_pubtypes
 *(.debug_pubtypes)

.debug_ranges   0x00000000      0x9b0
 *(.debug_ranges)
 .debug_ranges  0x00000000       0x28 delay.o
 .debug_ranges  0x00000028       0xd0 FreeRTOS2560.o
 .debug_ranges  0x000000f8       0x28 heap_1.o
 .debug_ranges  0x00000120       0x30 list.o
 .debug_ranges  0x00000150       0x58 microsmooth.o
 .debug_ranges  0x000001a8       0x38 port.o
 .debug_ranges  0x000001e0       0x60 que.o
 .debug_ranges  0x00000240       0x88 queue.o
 .debug_ranges  0x000002c8       0x78 Servo.o
 .debug_ranges  0x00000340      0x1b0 tasks.o
 .debug_ranges  0x000004f0       0x28 Ultrasonic.o
 .debug_ranges  0x00000518       0xf0 XBee.o
 .debug_ranges  0x00000608      0x128 ../../../arduinolib/arduinolib/Debug\libarduinolib.a(HardwareSerial.o)
 .debug_ranges  0x00000730       0x48 ../../../arduinolib/arduinolib/Debug\libarduinolib.a(new.o)
 .debug_ranges  0x00000778       0xf0 ../../../arduinolib/arduinolib/Debug\libarduinolib.a(Print.o)
 .debug_ranges  0x00000868       0x38 ../../../arduinolib/arduinolib/Debug\libarduinolib.a(wiring.o)
 .debug_ranges  0x000008a0       0x20 ../../../arduinolib/arduinolib/Debug\libarduinolib.a(wiring_analog.o)
 .debug_ranges  0x000008c0       0x28 ../../../arduinolib/arduinolib/Debug\libarduinolib.a(wiring_digital.o)
 .debug_ranges  0x000008e8       0x40 ../../../arduinolib/arduinolib/Debug\libarduinolib.a(wiring_pulse.o)
 .debug_ranges  0x00000928       0x38 ../../../arduinolib/arduinolib/Debug\libarduinolib.a(WMath.o)
 .debug_ranges  0x00000960       0x10 c:/program files (x86)/atmel/atmel toolchain/avr8 gcc/native/3.4.2.1002/avr8-gnu-toolchain/bin/../lib/gcc/avr/4.7.2/../../../../avr/lib/avr6\libc.a(calloc.o)
 .debug_ranges  0x00000970       0x18 c:/program files (x86)/atmel/atmel toolchain/avr8 gcc/native/3.4.2.1002/avr8-gnu-toolchain/bin/../lib/gcc/avr/4.7.2/../../../../avr/lib/avr6\libc.a(malloc.o)
 .debug_ranges  0x00000988       0x28 c:/program files (x86)/atmel/atmel toolchain/avr8 gcc/native/3.4.2.1002/avr8-gnu-toolchain/bin/../lib/gcc/avr/4.7.2/../../../../avr/lib/avr6\libc.a(random.o)

.debug_macro
 *(.debug_macro)
OUTPUT(FreeRTOS2560.elf elf32-avr)
LOAD linker stubs
